// Jest Snapshot v1, https://goo.gl/fbAQLP

exports[`compiles and runs C++ properly 1`] = `
Object {
  "status": "success",
  "stderr": "",
  "stdout": "6
",
}
`;
